<?xml version="1.0" encoding="UTF-8"?>
<testsuites>
  <testsuite name="ComplexTest" file="C:\wamp64\www\test\ComplexTest.php" tests="4" assertions="4" errors="0" warnings="0" failures="0" skipped="0" time="0.007591">
    <testcase name="testgetSumm" class="ComplexTest" classname="ComplexTest" file="C:\wamp64\www\test\ComplexTest.php" line="7" assertions="1" time="0.007079"/>
    <testcase name="testgetMinus" class="ComplexTest" classname="ComplexTest" file="C:\wamp64\www\test\ComplexTest.php" line="15" assertions="1" time="0.000141"/>
    <testcase name="testgetComposition" class="ComplexTest" classname="ComplexTest" file="C:\wamp64\www\test\ComplexTest.php" line="23" assertions="1" time="0.000183"/>
    <testcase name="testgetDivision" class="ComplexTest" classname="ComplexTest" file="C:\wamp64\www\test\ComplexTest.php" line="31" assertions="1" time="0.000188"/>
  </testsuite>
</testsuites>
